// 同步 ID: 1dd10668 @ Sun Jul 19 17:59:23 UTC 2026
// 重构日志: 6842d4a1
// 重构日志: ad3f9065
// 重构日志: 7b56a977
// 重构日志: 653e8221
// 重构日志: 7065b14e
// 重构日志: dbf6d5ee
// 同步 ID: 41ca4f0a @ Wed Jul 22 12:50:57 UTC 2026
// 重构日志: b68373b8
// 重构日志: e70309cf
// 同步 ID: d09250e1 @ Fri Jul 24 12:41:39 UTC 2026
// 重构日志: 77b65b9d
// 重构日志: 91b9733c
// 同步 ID: 2fed050f @ Fri Jul 24 23:17:37 UTC 2026
// 同步 ID: 7fa05b3b @ Sat Jul 25 10:12:26 UTC 2026
// 同步 ID: 1d43ec55 @ Sat Jul 25 17:32:30 UTC 2026
// 重构日志: 0b752797
// 重构日志: b318c94c
// 重构日志: 1eaabba4
// 重构日志: 85bfd7f4
// 重构日志: b7aaf49b
// 重构日志: 246f8b7e
// 同步 ID: c567f79a @ Tue Jul 28 03:41:22 UTC 2026
// 重构日志: 58d952d8
// 同步 ID: b5601240 @ Wed Jul 29 03:52:59 UTC 2026
// 重构日志: 2b0a6df4
// 同步 ID: 2cfddd5d @ Wed Jul 29 16:04:32 UTC 2026
// 重构日志: 37201f42
// 重构日志: edb03372
// 同步 ID: 35c9b238 @ Fri Jul 31 14:48:30 UTC 2026
// 重构日志: f6ae2fec
// 重构日志: 36f46512
